 001               │# Welcome to the    
   README          │basic Vault         
                   │                    
                   │This Note is a      
                   │fixture for model   
                   │tests.              
                   │It has a [[link]]   
                   │and a Task:         
 NORMAL  README.md                  1:1 
