 vault                       │# Alpha                                           
 ▸ daily                     │first note                                        
 ▸ Projects                  │~                                                 
 ▸ zettel                    │~                                                 
   a                         │~                                                 
   Beta                      │~                                                 
   notes.txt                 │~                                                 
────────────────────────────────────────────────────────────────────────────────
 e → sidebar    D → date       / → search     f → find       t → tasks          
 d → today      b → backlinks  z → zettel     n → new                           
 spc  e sidebar  d today  D date  b backlinks  / search  z zettel  f find  n ne…
