 vault                       │# Alpha                                           
 ▸ daily                     │first note                                        
 ▸ Projects                  │~                                                 
 ▸ zettel                    │~                                                 
   a                         │~                                                 
   Beta                      │~                                                 
   notes.txt                 │~                                                 
                             │~                                                 
                             │~                                                 
                             │~                                                 
 NORMAL  a.md                                                               1:1 
