 vault                       │# Alpha                                           
 ▸ da╭─ Find Note ────────────────────────────────────────────────────────╮     
 ▸ Pr│ > e                                                                │     
 ▸ ze│ ────────────────────────────────────────────────────────────────── │     
   a │ Beta                                                       Beta.md │     
   Be│ Deep                                          Projects/sub/deep.md │     
   no│ ↑/↓ move · enter choose · esc close                                │     
     ╰────────────────────────────────────────────────────────────────────╯     
                             │~                                                 
                             │~                                                 
 NORMAL  a.md                                                               1:1 
                                                                                